// Jest Snapshot v1, https://goo.gl/fbAQLP

exports[`color-steps utility should match base calucation with white and black 1`] = `
Array [
  "rgb(36,36,36)",
  "rgb(73,73,73)",
  "rgb(109,109,109)",
  "rgb(146,146,146)",
  "rgb(182,182,182)",
  "rgb(219,219,219)",
]
`;

exports[`color-steps utility should support alpha 1`] = `
Array [
  "rgba(0,0,0,0.5)",
]
`;

exports[`color-steps utility should support going from light to dark 1`] = `
Array [
  "rgb(219,219,219)",
  "rgb(182,182,182)",
  "rgb(146,146,146)",
  "rgb(109,109,109)",
  "rgb(73,73,73)",
  "rgb(36,36,36)",
]
`;
