// Jest Snapshot v1, https://goo.gl/fbAQLP

exports[`color-steps utility should match base calucation with white and black 1`] = `
Array [
  "rgb(106,106,106)",
  "rgb(146,146,146)",
  "rgb(175,175,175)",
  "rgb(199,199,199)",
  "rgb(220,220,220)",
  "rgb(238,238,238)",
]
`;

exports[`color-steps utility should support alpha 1`] = `
Array [
  "rgba(0,0,0,0.5)",
]
`;

exports[`color-steps utility should support going from light to dark 1`] = `
Array [
  "rgb(238,238,238)",
  "rgb(220,220,220)",
  "rgb(199,199,199)",
  "rgb(175,175,175)",
  "rgb(146,146,146)",
  "rgb(106,106,106)",
]
`;
